// ========================================================
// = 
// = 
// = 
// ========================================================

Bob BECOMES 42
Olsen BECOMES 43
