// ========================================================
// = 
// = 
// = 
// ========================================================

Bob = 43
BoB = 44
