// ========================================================
// = 
// = 
// = 
// ========================================================

Bob = 42
Olsen = 43
